root@SaifBakhtaria:~# apt-get update
Get:1 http://mirrors.digitalocean.com/ubuntu focal InRelease [265 kB]
Get:2 http://mirrors.digitalocean.com/ubuntu focal-updates InRelease [114 kB]
Get:3 http://mirrors.digitalocean.com/ubuntu focal-backports InRelease [101 kB]
Get:4 http://security.ubuntu.com/ubuntu focal-security InRelease [109 kB]
Get:5 http://mirrors.digitalocean.com/ubuntu focal-updates/main amd64 Packages [797 kB]
Get:6 http://mirrors.digitalocean.com/ubuntu focal-updates/universe amd64 Packages [737 kB]
Fetched 2123 kB in 1s (1761 kB/s)
Reading package lists... Done
root@SaifBakhtaria:~# apt-get install iptables
Reading package lists... Done
Building dependency tree
Reading state information... Done
iptables is already the newest version (1.8.4-3ubuntu2).
iptables set to manually installed.
0 upgraded, 0 newly installed, 0 to remove and 99 not upgraded.
root@SaifBakhtaria:~# iptables -L-v
iptables: No chain/target/match by that name.
root@SaifBakhtaria:~# iptables-L-v
iptables-L-v: command not found
root@SaifBakhtaria:~# iptables-L -v
iptables-L: command not found
root@SaifBakhtaria:~# iptables -L -v
Chain INPUT (policy DROP 2 packets, 80 bytes)
 pkts bytes target     prot opt in     out     source               destination
 874K   98M f2b-sshd   tcp  --  any    any     anywhere             anywhere             multiport dports ssh
 911K  417M ufw-before-logging-input  all  --  any    any     anywhere             anywhere
 911K  417M ufw-before-input  all  --  any    any     anywhere             anywhere
 142K 6803K ufw-after-input  all  --  any    any     anywhere             anywhere
 135K 6399K ufw-after-logging-input  all  --  any    any     anywhere             anywhere
 135K 6399K ufw-reject-input  all  --  any    any     anywhere             anywhere
 135K 6399K ufw-track-input  all  --  any    any     anywhere             anywhere

Chain FORWARD (policy DROP 0 packets, 0 bytes)
 pkts bytes target     prot opt in     out     source               destination
    0     0 ufw-before-logging-forward  all  --  any    any     anywhere             anywhere
    0     0 ufw-before-forward  all  --  any    any     anywhere             anywhere
    0     0 ufw-after-forward  all  --  any    any     anywhere             anywhere
    0     0 ufw-after-logging-forward  all  --  any    any     anywhere             anywhere
    0     0 ufw-reject-forward  all  --  any    any     anywhere             anywhere
    0     0 ufw-track-forward  all  --  any    any     anywhere             anywhere

Chain OUTPUT (policy ACCEPT 0 packets, 0 bytes)
 pkts bytes target     prot opt in     out     source               destination
1100K  164M ufw-before-logging-output  all  --  any    any     anywhere             anywhere
1100K  164M ufw-before-output  all  --  any    any     anywhere             anywhere
11276  925K ufw-after-output  all  --  any    any     anywhere             anywhere
11276  925K ufw-after-logging-output  all  --  any    any     anywhere             anywhere
11276  925K ufw-reject-output  all  --  any    any     anywhere             anywhere
11276  925K ufw-track-output  all  --  any    any     anywhere             anywhere

Chain f2b-sshd (1 references)
 pkts bytes target     prot opt in     out     source               destination
   18  1448 REJECT     all  --  any    any     206.189.128.215      anywhere             reject-with icmp-port-unreachable
   21  1668 REJECT     all  --  any    any     pan0138.panoulu.net  anywhere             reject-with icmp-port-unreachable
   20  1560 REJECT     all  --  any    any     128.199.26.242       anywhere             reject-with icmp-port-unreachable
   21  1676 REJECT     all  --  any    any     84.42.96.48          anywhere             reject-with icmp-port-unreachable
   20  1560 REJECT     all  --  any    any     111.186.57.17        anywhere             reject-with icmp-port-unreachable
   23  1788 REJECT     all  --  any    any     217.ip-51-91-123.eu  anywhere             reject-with icmp-port-unreachable
   25  1900 REJECT     all  --  any    any     45.55.47.25          anywhere             reject-with icmp-port-unreachable
   24  1848 REJECT     all  --  any    any     161.35.161.170       anywhere             reject-with icmp-port-unreachable
   18  1384 REJECT     all  --  any    any     150.158.173.249      anywhere             reject-with icmp-port-unreachable
   19  1452 REJECT     all  --  any    any     118.193.58.125       anywhere             reject-with icmp-port-unreachable
   24  1848 REJECT     all  --  any    any     206.189.214.165      anywhere             reject-with icmp-port-unreachable
   29  2188 REJECT     all  --  any    any     61.177.173.15        anywhere             reject-with icmp-port-unreachable
 720K   86M RETURN     all  --  any    any     anywhere             anywhere

Chain ufw-after-forward (1 references)
 pkts bytes target     prot opt in     out     source               destination

Chain ufw-after-input (1 references)
 pkts bytes target     prot opt in     out     source               destination
   87  6797 ufw-skip-to-policy-input  udp  --  any    any     anywhere             anywhere             udp dpt:netbios-ns
    1    28 ufw-skip-to-policy-input  udp  --  any    any     anywhere             anywhere             udp dpt:netbios-dgm
   92  4100 ufw-skip-to-policy-input  tcp  --  any    any     anywhere             anywhere             tcp dpt:netbios-ssn
 7630  393K ufw-skip-to-policy-input  tcp  --  any    any     anywhere             anywhere             tcp dpt:microsoft-ds
    0     0 ufw-skip-to-policy-input  udp  --  any    any     anywhere             anywhere             udp dpt:bootps
    0     0 ufw-skip-to-policy-input  udp  --  any    any     anywhere             anywhere             udp dpt:bootpc
    0     0 ufw-skip-to-policy-input  all  --  any    any     anywhere             anywhere             ADDRTYPE match dst-type BROADCAST

Chain ufw-after-logging-forward (1 references)
 pkts bytes target     prot opt in     out     source               destination
    0     0 LOG        all  --  any    any     anywhere             anywhere             limit: avg 3/min burst 10 LOG level warning prefix "[UFW BLOCK] "

Chain ufw-after-logging-input (1 references)
 pkts bytes target     prot opt in     out     source               destination
 107K 4859K LOG        all  --  any    any     anywhere             anywhere             limit: avg 3/min burst 10 LOG level warning prefix "[UFW BLOCK] "

Chain ufw-after-logging-output (1 references)
 pkts bytes target     prot opt in     out     source               destination

Chain ufw-after-output (1 references)
 pkts bytes target     prot opt in     out     source               destination

Chain ufw-before-forward (1 references)
 pkts bytes target     prot opt in     out     source               destination
    0     0 ACCEPT     all  --  any    any     anywhere             anywhere             ctstate RELATED,ESTABLISHED
    0     0 ACCEPT     icmp --  any    any     anywhere             anywhere             icmp destination-unreachable
    0     0 ACCEPT     icmp --  any    any     anywhere             anywhere             icmp time-exceeded
    0     0 ACCEPT     icmp --  any    any     anywhere             anywhere             icmp parameter-problem
    0     0 ACCEPT     icmp --  any    any     anywhere             anywhere             icmp echo-request
    0     0 ufw-user-forward  all  --  any    any     anywhere             anywhere

Chain ufw-before-input (1 references)
 pkts bytes target     prot opt in     out     source               destination
 2454  108K ACCEPT     all  --  lo     any     anywhere             anywhere
 675K  401M ACCEPT     all  --  any    any     anywhere             anywhere             ctstate RELATED,ESTABLISHED
13933 4813K ufw-logging-deny  all  --  any    any     anywhere             anywhere             ctstate INVALID
13933 4813K DROP       all  --  any    any     anywhere             anywhere             ctstate INVALID
    0     0 ACCEPT     icmp --  any    any     anywhere             anywhere             icmp destination-unreachable
    0     0 ACCEPT     icmp --  any    any     anywhere             anywhere             icmp time-exceeded
    0     0 ACCEPT     icmp --  any    any     anywhere             anywhere             icmp parameter-problem
 5851  448K ACCEPT     icmp --  any    any     anywhere             anywhere             icmp echo-request
    0     0 ACCEPT     udp  --  any    any     anywhere             anywhere             udp spt:bootps dpt:bootpc
 214K   11M ufw-not-local  all  --  any    any     anywhere             anywhere
    0     0 ACCEPT     udp  --  any    any     anywhere             224.0.0.251          udp dpt:mdns
    0     0 ACCEPT     udp  --  any    any     anywhere             239.255.255.250      udp dpt:1900
 214K   11M ufw-user-input  all  --  any    any     anywhere             anywhere

Chain ufw-before-logging-forward (1 references)
 pkts bytes target     prot opt in     out     source               destination

Chain ufw-before-logging-input (1 references)
 pkts bytes target     prot opt in     out     source               destination

Chain ufw-before-logging-output (1 references)
 pkts bytes target     prot opt in     out     source               destination

Chain ufw-before-output (1 references)
 pkts bytes target     prot opt in     out     source               destination
 2454  108K ACCEPT     all  --  any    lo      anywhere             anywhere
1086K  163M ACCEPT     all  --  any    any     anywhere             anywhere             ctstate RELATED,ESTABLISHED
11275  925K ufw-user-output  all  --  any    any     anywhere             anywhere

Chain ufw-logging-allow (0 references)
 pkts bytes target     prot opt in     out     source               destination
    0     0 LOG        all  --  any    any     anywhere             anywhere             limit: avg 3/min burst 10 LOG level warning prefix "[UFW ALLOW] "

Chain ufw-logging-deny (2 references)
 pkts bytes target     prot opt in     out     source               destination
13930 4810K RETURN     all  --  any    any     anywhere             anywhere             ctstate INVALID limit: avg 3/min burst 10
    3  2739 LOG        all  --  any    any     anywhere             anywhere             limit: avg 3/min burst 10 LOG level warning prefix "[UFW BLOCK] "

Chain ufw-not-local (1 references)
 pkts bytes target     prot opt in     out     source               destination
 214K   11M RETURN     all  --  any    any     anywhere             anywhere             ADDRTYPE match dst-type LOCAL
    0     0 RETURN     all  --  any    any     anywhere             anywhere             ADDRTYPE match dst-type MULTICAST
    0     0 RETURN     all  --  any    any     anywhere             anywhere             ADDRTYPE match dst-type BROADCAST
    0     0 ufw-logging-deny  all  --  any    any     anywhere             anywhere             limit: avg 3/min burst 10
    0     0 DROP       all  --  any    any     anywhere             anywhere

Chain ufw-reject-forward (1 references)
 pkts bytes target     prot opt in     out     source               destination

Chain ufw-reject-input (1 references)
 pkts bytes target     prot opt in     out     source               destination

Chain ufw-reject-output (1 references)
 pkts bytes target     prot opt in     out     source               destination

Chain ufw-skip-to-policy-forward (0 references)
 pkts bytes target     prot opt in     out     source               destination
    0     0 DROP       all  --  any    any     anywhere             anywhere

Chain ufw-skip-to-policy-input (7 references)
 pkts bytes target     prot opt in     out     source               destination
 7810  404K DROP       all  --  any    any     anywhere             anywhere

Chain ufw-skip-to-policy-output (0 references)
 pkts bytes target     prot opt in     out     source               destination
    0     0 ACCEPT     all  --  any    any     anywhere             anywhere

Chain ufw-track-forward (1 references)
 pkts bytes target     prot opt in     out     source               destination

Chain ufw-track-input (1 references)
 pkts bytes target     prot opt in     out     source               destination

Chain ufw-track-output (1 references)
 pkts bytes target     prot opt in     out     source               destination
 3436  427K ACCEPT     tcp  --  any    any     anywhere             anywhere             ctstate NEW
 1233 84654 ACCEPT     udp  --  any    any     anywhere             anywhere             ctstate NEW

Chain ufw-user-forward (1 references)
 pkts bytes target     prot opt in     out     source               destination

Chain ufw-user-input (1 references)
 pkts bytes target     prot opt in     out     source               destination
67989 4044K            tcp  --  any    any     anywhere             anywhere             tcp dpt:ssh ctstate NEW recent: SET name: DEFAULT side: source mask: 255.255.255.255
 2561  154K ufw-user-limit  tcp  --  any    any     anywhere             anywhere             tcp dpt:ssh ctstate NEW recent: UPDATE seconds: 30 hit_count: 6 name: DEFAULT side: source mask: 255.255.255.255
65428 3891K ufw-user-limit-accept  tcp  --  any    any     anywhere             anywhere             tcp dpt:ssh
 1617 66284 ACCEPT     tcp  --  any    any     anywhere             anywhere             tcp dpt:https
 1841 95740 ACCEPT     tcp  --  any    any     anywhere             anywhere             tcp dpt:http

Chain ufw-user-limit (1 references)
 pkts bytes target     prot opt in     out     source               destination
 1085 65100 LOG        all  --  any    any     anywhere             anywhere             limit: avg 3/min burst 5 LOG level warning prefix "[UFW LIMIT BLOCK] "
 2561  154K REJECT     all  --  any    any     anywhere             anywhere             reject-with icmp-port-unreachable

Chain ufw-user-limit-accept (1 references)
 pkts bytes target     prot opt in     out     source               destination
65428 3891K ACCEPT     all  --  any    any     anywhere             anywhere

Chain ufw-user-logging-forward (0 references)
 pkts bytes target     prot opt in     out     source               destination

Chain ufw-user-logging-input (0 references)
 pkts bytes target     prot opt in     out     source               destination

Chain ufw-user-logging-output (0 references)
 pkts bytes target     prot opt in     out     source               destination

Chain ufw-user-output (1 references)
 pkts bytes target     prot opt in     out     source               destination